SSD1306.cpp:266:1:SSD1306::~SSD1306()	0	static
SSD1306.cpp:266:1:virtual SSD1306::~SSD1306()	8	static
SSD1306.cpp:268:1:void __static_initialization_and_destruction_0(int, int)	8	static
SSD1306.cpp:24:6:void SSD1306::ssd1306_Reset()	8	static
SSD1306.cpp:35:6:void SSD1306::ssd1306_WriteCommand()	16	static
SSD1306.cpp:41:6:void SSD1306::ssd1306_WriteData()	16	static
SSD1306.cpp:51:6:void SSD1306::HAL_SPI_TxCpltCallback(SPI_HandleTypeDef*)	8	static
SSD1306.cpp:160:6:void SSD1306::process()	8	static
SSD1306.cpp:168:6:void SSD1306::ssd1306_Fill(SSD1306_COLOR)	4	static
SSD1306.cpp:68:6:void SSD1306::ssd1306_Init()	24	static
SSD1306.cpp:181:6:void SSD1306::ssd1306_DrawPixel(uint8_t, uint8_t, SSD1306_COLOR)	4	static
SSD1306.cpp:204:6:char SSD1306::ssd1306_WriteChar(char, FontDef, SSD1306_COLOR)	56	static
SSD1306.cpp:239:6:char SSD1306::ssd1306_WriteString(char*, FontDef, SSD1306_COLOR)	32	static
SSD1306.cpp:256:6:void SSD1306::ssd1306_SetCursor(uint8_t, uint8_t)	0	static
SSD1306.cpp:261:1:SSD1306::SSD1306()	0	static
SSD1306.cpp:268:1:cpp)	8	static
