SSD1306.cpp:271:1:SSD1306::~SSD1306()	0	static
SSD1306.cpp:271:1:virtual SSD1306::~SSD1306()	8	static
SSD1306.cpp:273:1:void __static_initialization_and_destruction_0(int, int)	8	static
SSD1306.cpp:24:6:void SSD1306::ssd1306_Reset()	8	static
SSD1306.cpp:35:6:void SSD1306::ssd1306_WriteCommand(uint8_t)	24	static
SSD1306.cpp:42:6:void SSD1306::ssd1306_WriteData(uint8_t*, size_t)	16	static
SSD1306.cpp:155:6:void SSD1306::ssd1306_Fill(SSD1306_COLOR)	8	static
SSD1306.cpp:55:6:void SSD1306::ssd1306_Init()	16	static
SSD1306.cpp:169:6:void SSD1306::ssd1306_UpdateScreen()	16	static
SSD1306.cpp:146:6:void SSD1306::process()	8	static
SSD1306.cpp:183:6:void SSD1306::ssd1306_DrawPixel(uint8_t, uint8_t, SSD1306_COLOR)	24	static
SSD1306.cpp:210:6:char SSD1306::ssd1306_WriteChar(char, FontDef, SSD1306_COLOR)	56	static
SSD1306.cpp:245:6:char SSD1306::ssd1306_WriteString(char*, FontDef, SSD1306_COLOR)	32	static
SSD1306.cpp:262:6:void SSD1306::ssd1306_SetCursor(uint8_t, uint8_t)	0	static
SSD1306.cpp:267:1:SSD1306::SSD1306()	0	static
SSD1306.cpp:273:1:cpp)	8	static
